// Jest Snapshot v1, https://goo.gl/fbAQLP

exports[`<Catalog /> should render correctly 1`] = `
<section
  className="catalog"
>
  <h2
    className="catalog__title visually-hidden"
  >
    Catalog
  </h2>
  <ul
    className="catalog__genres-list"
  >
    <li
      className="catalog__genres-item catalog__genres-item--active"
    >
      <a
        className="catalog__genres-link"
        href={null}
        onClick={[Function]}
      >
        All genres
      </a>
    </li>
    <li
      className="catalog__genres-item"
    >
      <a
        className="catalog__genres-link"
        href="#Comedies"
        onClick={[Function]}
      >
        Comedies
      </a>
    </li>
    <li
      className="catalog__genres-item"
    >
      <a
        className="catalog__genres-link"
        href="#Crime"
        onClick={[Function]}
      >
        Crime
      </a>
    </li>
    <li
      className="catalog__genres-item"
    >
      <a
        className="catalog__genres-link"
        href="#Documentary"
        onClick={[Function]}
      >
        Documentary
      </a>
    </li>
    <li
      className="catalog__genres-item"
    >
      <a
        className="catalog__genres-link"
        href="#Dramas"
        onClick={[Function]}
      >
        Dramas
      </a>
    </li>
    <li
      className="catalog__genres-item"
    >
      <a
        className="catalog__genres-link"
        href="#Horror"
        onClick={[Function]}
      >
        Horror
      </a>
    </li>
    <li
      className="catalog__genres-item"
    >
      <a
        className="catalog__genres-link"
        href="#Kids-&-Family"
        onClick={[Function]}
      >
        Kids & Family
      </a>
    </li>
    <li
      className="catalog__genres-item"
    >
      <a
        className="catalog__genres-link"
        href="#Romance"
        onClick={[Function]}
      >
        Romance
      </a>
    </li>
    <li
      className="catalog__genres-item"
    >
      <a
        className="catalog__genres-link"
        href="#Sci-Fi"
        onClick={[Function]}
      >
        Sci-Fi
      </a>
    </li>
    <li
      className="catalog__genres-item"
    >
      <a
        className="catalog__genres-link"
        href="#Thrillers"
        onClick={[Function]}
      >
        Thrillers
      </a>
    </li>
  </ul>
  <div
    className="catalog__movies-list"
  >
    <article
      className="small-movie-card catalog__movies-card"
      onMouseEnter={[Function]}
      onMouseLeave={[Function]}
      tabIndex={0}
    >
      <button
        className="small-movie-card__play-btn"
        type="button"
      >
        Play
      </button>
      <div
        className="small-movie-card__image"
      >
        <video
          height={175}
          muted={true}
          poster="img/mindhunter.jpg"
          src="https://storage.googleapis.com/coverr-main/mp4/California-Desert.mp4"
          width={280}
        />
      </div>
      <h3
        className="small-movie-card__title"
      >
        <a
          className="small-movie-card__link"
          href="https://thepiratebay.org"
        >
          Mindhunter
        </a>
      </h3>
    </article>
  </div>
  <div
    className="catalog__more"
  >
    <button
      className="catalog__button"
      type="button"
    >
      Show more
    </button>
  </div>
</section>
`;
