// Jest Snapshot v1, https://goo.gl/fbAQLP

exports[`<FilmTitle /> should render correctly 1`] = `
Array [
  <h2
    className="movie-card__title"
  >
    Deep Throat
  </h2>,
  <p
    className="movie-card__meta"
  >
    <span
      className="movie-card__genre"
    >
      Films for the whole family
    </span>
    <span
      className="movie-card__year"
    >
      1972
    </span>
  </p>,
]
`;
