// Jest Snapshot v1, https://goo.gl/fbAQLP

exports[`<FilmCard /> should render correctly 1`] = `
<article
  className="small-movie-card catalog__movies-card"
  onMouseEnter={[Function]}
  tabIndex="0"
>
  <button
    className="small-movie-card__play-btn"
    type="button"
  >
    Play
  </button>
  <div
    className="small-movie-card__image"
  >
    <img
      alt="L'elephant vert"
      height="175"
      src="http://lurkmore.so/images/4/47/Slonik_macro.jpg"
      width="280"
    />
  </div>
  <h3
    className="small-movie-card__title"
  >
    <a
      className="small-movie-card__link"
      href="https://www.imdb.com/title/tt1003080/"
    >
      L'elephant vert
    </a>
  </h3>
</article>
`;
