// Jest Snapshot v1, https://goo.gl/fbAQLP

exports[`FilmButtons test suite <FilmButtons /> should render correctly 1`] = `
<div
  className="movie-card__buttons"
>
  <button
    className="btn btn--play movie-card__button"
    data-test="at-play-btn"
    onClick={[MockFunction]}
    type="button"
  >
    <svg
      height="19"
      viewBox="0 0 19 19"
      width="19"
    >
      <use
        xlinkHref="img/sprite/sprite.svg#play-s"
      />
    </svg>
    <span>
      Play
    </span>
  </button>
  <button
    className="btn btn--list movie-card__button"
    data-test="at-my-list-btn"
    onClick={[Function]}
    type="button"
  >
    <svg
      data-test="at-is-not-added"
      height="20"
      viewBox="0 0 19 20"
      width="19"
    >
      <use
        xlinkHref="img/sprite/sprite.svg#add"
      />
    </svg>
    <span>
      My list
    </span>
  </button>
  <a
    className="btn movie-card__button"
    href="/film/1/review"
    onClick={[Function]}
  >
    Add review
  </a>
</div>
`;
