// Jest Snapshot v1, https://goo.gl/fbAQLP

exports[`<VideoPlayer /> should render correctly 1`] = `
<video
  height="480"
  muted={true}
  poster="https://steamcdn-a.akamaihd.net/steamcommunity/public/images/avatars/e4/e4224a21287a6983fa0cc3ffcb310230c22e1538_full.jpg"
  src="/etc/na-zdorovnya.mp4"
  width="640"
/>
`;
