// Jest Snapshot v1, https://goo.gl/fbAQLP

exports[`UserBlock test suite. <UserBlock /> should render correctly 1`] = `
<div
  className="user-block"
>
  <a
    className="user-block__avatar"
    href="/mylist"
    onClick={[Function]}
  >
    <img
      alt="Nastasha Romanenko"
      height="63"
      src="https://es31-server.appspot.com/wtw/static/avatar/10.jpg"
      width="63"
    />
  </a>
</div>
`;
