// Jest Snapshot v1, https://goo.gl/fbAQLP

exports[`FilmReviews test suite <FilmReviews /> should render correctly 1`] = `
<div
  className="movie-card__reviews movie-card__row"
  data-test="at-reviews"
>
  <div
    className="movie-card__reviews-col"
    data-test="at-review-item"
  >
    <div
      className="review"
    >
      <blockquote
        className="review__quote"
      >
        <p
          className="review__text"
        >
          Unfortunately we don't have a reliable way to tell the true ratings of a movie.
        </p>
        <footer
          className="review__details"
        >
          <cite
            className="review__author"
            data-test="at-review-author"
          >
            Corey
          </cite>
          <time
            className="review__date"
            dateTime="6/20/2019"
          >
            June 20, 2019
          </time>
        </footer>
      </blockquote>
      <div
        className="review__rating"
      >
        3.0
      </div>
    </div>
    <div
      className="review"
    >
      <blockquote
        className="review__quote"
      >
        <p
          className="review__text"
        >
          I love this movie. This film is a milestone in cinematography. Great Immersive camera-work. This film is an experience and i has already seen it 4 times and I only see more quality of the film.
        </p>
        <footer
          className="review__details"
        >
          <cite
            className="review__author"
            data-test="at-review-author"
          >
            Zak
          </cite>
          <time
            className="review__date"
            dateTime="6/12/2019"
          >
            June 12, 2019
          </time>
        </footer>
      </blockquote>
      <div
        className="review__rating"
      >
        4.0
      </div>
    </div>
  </div>
  <div
    className="movie-card__reviews-col"
    data-test="at-review-item"
  >
    <div
      className="review"
    >
      <blockquote
        className="review__quote"
      >
        <p
          className="review__text"
        >
          I love this movie. This film is a milestone in cinematography. Great Immersive camera-work. This film is an experience and i has already seen it 4 times and I only see more quality of the film.
        </p>
        <footer
          className="review__details"
        >
          <cite
            className="review__author"
            data-test="at-review-author"
          >
            Christina
          </cite>
          <time
            className="review__date"
            dateTime="6/17/2019"
          >
            June 17, 2019
          </time>
        </footer>
      </blockquote>
      <div
        className="review__rating"
      >
        4.0
      </div>
    </div>
  </div>
</div>
`;
